---
source: go-away/tests/typescript_output.rs
expression: "go_away::registry_to_typescript_output(registry)"

---
type Two = {
	y: boolean;
}
type One = {
	x: number;
}
type NewTypeEnum = { "type": "OptionOne", "data": OptionOne } | { "type": "OptionTwo", "data": OptionTwo };

